==================================================================
Job        vr-probe1 (35926835)
Node       n0274.savio3
GPUs       0  (count 1)
Repo       /global/scratch/users/iparra/effortless-dev
Python     /global/scratch/users/iparra/effortless-dev/.venv/bin/python3
           (conda env /global/software/rocky-8.x86_64/manual/modules/langs/anaconda3/2024.02-1 is active but unused)
Started    2026-07-27T18:38:54-0700
wandb      project=effortless-vertical-routing mode=online id=vr-probe1
==================================================================
variant=exits gpus=1 batch=8 x accum=4
global batch = 32 sequences
             = 32768 tokens/step
total budget = 655360000 tokens
model:  123.6M parameters
exits:  layers (1, 3, 5, 7, 9, 11)
world:  1 process(es) on cuda:0
tokens: 32,768 per optimizer step
wandb:  effortless-vertical-routing (online)
step      0  loss 11.0470  lr 6.00e-07  14.0s
          exits L1:10.983 L3:10.994 L5:11.034 L7:11.021 L9:10.989 L11:10.996
step     20  loss 9.9349  lr 1.26e-05  50.7s
          exits L1:10.522 L3:10.088 L5:9.922 L7:9.809 L9:9.729 L11:9.736
step     40  loss 9.2963  lr 2.46e-05  87.5s
          exits L1:9.508 L3:9.312 L5:9.238 L7:9.210 L9:9.259 L11:9.276
step     60  loss 8.7539  lr 3.66e-05  124.2s
          exits L1:8.962 L3:8.707 L5:8.658 L7:8.705 L9:8.852 L11:8.733
step     80  loss 8.0788  lr 4.86e-05  161.0s
          exits L1:8.132 L3:8.086 L5:8.088 L7:8.105 L9:8.012 L11:8.068
step    100  loss 7.5584  lr 6.06e-05  197.8s
          exits L1:7.621 L3:7.615 L5:7.546 L7:7.511 L9:7.469 L11:7.551
step    120  loss 7.2644  lr 7.26e-05  234.6s
          exits L1:7.363 L3:7.322 L5:7.216 L7:7.169 L9:7.217 L11:7.257
step    140  loss 7.0616  lr 8.46e-05  271.4s
          exits L1:7.141 L3:7.013 L5:7.060 L7:7.161 L9:7.019 L11:7.047
step    160  loss 6.9086  lr 9.66e-05  308.2s
          exits L1:7.024 L3:6.864 L5:6.876 L7:6.938 L9:6.926 L11:6.891
step    180  loss 6.6530  lr 1.09e-04  345.0s
          exits L1:6.819 L3:6.676 L5:6.608 L7:6.665 L9:6.536 L11:6.629
step    200  loss 6.5066  lr 1.21e-04  383.0s
          exits L1:6.627 L3:6.549 L5:6.529 L7:6.533 L9:6.329 L11:6.480
step    220  loss 6.5817  lr 1.33e-04  421.1s
          exits L1:6.786 L3:6.569 L5:6.524 L7:6.635 L9:6.477 L11:6.554
step    240  loss 6.4440  lr 1.45e-04  462.6s
          exits L1:6.686 L3:6.445 L5:6.359 L7:6.381 L9:6.427 L11:6.412
step    260  loss 6.3818  lr 1.57e-04  499.5s
          exits L1:6.692 L3:6.378 L5:6.283 L7:6.217 L9:6.452 L11:6.342
step    280  loss 6.2663  lr 1.69e-04  536.3s
          exits L1:6.468 L3:6.281 L5:6.299 L7:6.299 L9:6.088 L11:6.222
step    300  loss 6.2247  lr 1.81e-04  576.2s
          exits L1:6.429 L3:6.276 L5:6.254 L7:6.282 L9:5.947 L11:6.177
step    320  loss 6.2889  lr 1.93e-04  613.0s
          exits L1:6.690 L3:6.300 L5:6.135 L7:6.137 L9:6.298 L11:6.240
step    340  loss 6.0347  lr 2.05e-04  649.9s
          exits L1:6.381 L3:6.006 L5:5.947 L7:5.965 L9:6.011 L11:5.986
step    360  loss 5.9707  lr 2.17e-04  686.7s
          exits L1:6.379 L3:5.916 L5:5.858 L7:6.003 L9:5.888 L11:5.916
step    380  loss 5.9732  lr 2.29e-04  723.6s
          exits L1:6.378 L3:5.986 L5:5.858 L7:5.728 L9:6.035 L11:5.917
step    400  loss 5.9992  lr 2.41e-04  760.4s
          exits L1:6.335 L3:5.982 L5:5.994 L7:5.974 L9:5.887 L11:5.940
step    420  loss 5.8439  lr 2.53e-04  797.3s
          exits L1:6.152 L3:5.887 L5:5.883 L7:5.800 L9:5.618 L11:5.778
step    440  loss 5.8374  lr 2.65e-04  834.2s
          exits L1:6.253 L3:5.897 L5:5.785 L7:5.733 L9:5.634 L11:5.769
step    460  loss 5.6977  lr 2.77e-04  871.1s
          exits L1:6.157 L3:5.618 L5:5.595 L7:5.571 L9:5.793 L11:5.624
step    480  loss 5.6547  lr 2.89e-04  907.9s
          exits L1:6.124 L3:5.714 L5:5.589 L7:5.460 L9:5.523 L11:5.578
  eval  loss 5.6636  exits L1:6.006 L3:5.518 L11:5.468
step    500  loss 5.7004  lr 3.00e-04  965.2s
          exits L1:6.273 L3:5.759 L5:5.479 L7:5.438 L9:5.654 L11:5.627
step    520  loss 5.6105  lr 3.00e-04  1002.0s
          exits L1:6.063 L3:5.529 L5:5.543 L7:5.609 L9:5.571 L11:5.535
step    540  loss 5.5671  lr 3.00e-04  1039.0s
          exits L1:6.022 L3:5.586 L5:5.491 L7:5.452 L9:5.433 L11:5.490
